// Jest Snapshot v1, https://goo.gl/fbAQLP

exports[`StudentCourseDetailsPageComponent should snap with a single course 1`] = `
<tm-student-course-details-page
  Gender={[Function Object]}
  backendUrl={[Function String]}
  course={[Function Object]}
  httpRequestService={[Function HttpRequestService]}
  route={[Function ActivatedRoute]}
  statusMessageService={[Function StatusMessageService]}
  user="undefined"
>
  <h1
    class="page-title"
  >
     Thematic Systems
  </h1><div
    class="section"
  >
    <div
      class="col-sm-12"
    >
      <h4
        class="font-weight-bold"
      >
        Course
      </h4>
    </div>
    <div
      class="card border-primary"
    >
      <div
        class="card-body fill-plain"
      >
        <div
          class="form form-horizontal"
        >
          <div
            class="form-group row"
          >
            <div
              class="col-4 text-right"
            >
              <label>
                Name
              </label>
            </div>
            <div
              class="col-8"
            >
              <span>
                Thematic Systems
              </span>
            </div>
          </div>
          <div
            class="form-group row"
          >
            <div
              class="col-4 text-right"
            >
              <label>
                ID
              </label>
            </div>
            <div
              class="col-8"
            >
              <span>
                CS3281
              </span>
            </div>
          </div>
          <div
            class="form-group row"
          >
            <div
              class="col-4 text-right"
            >
              <label>
                Timezone
              </label>
            </div>
            <div
              class="col-8"
            >
              <span>
                Asia/Singapore
              </span>
            </div>
          </div>
          <div
            class="form-group row"
          >
            <div
              class="col-4 text-right"
            >
              <label>
                Created at
              </label>
            </div>
            <div
              class="col-8"
            >
              <span>
                1552509888215
              </span>
            </div>
          </div>
        </div>
      </div>
    </div>
  </div>
</tm-student-course-details-page>
`;

exports[`StudentCourseDetailsPageComponent should snap with default fields 1`] = `
<tm-student-course-details-page
  Gender={[Function Object]}
  backendUrl={[Function String]}
  httpRequestService={[Function HttpRequestService]}
  route={[Function ActivatedRoute]}
  statusMessageService={[Function StatusMessageService]}
  user="undefined"
>
  
</tm-student-course-details-page>
`;
